../Core/Inc/math_util.h:3:21:clampf	24	static
../Core/Inc/math_util.h:7:21:wrapTo2Pi	16	static
../Core/Src/main.c:126:6:HAL_ADC_ConvCpltCallback	16	static
../Core/Src/main.c:145:6:HAL_TIM_PeriodElapsedCallback	32	static
../Core/Src/main.c:172:7:AS5600_getPosition	48	static
../Core/Src/main.c:192:6:setBridgeOutput	32	static
../Core/Src/main.c:214:6:FOC_generateInvClarkSVPWM	80	static
../Core/Src/main.c:239:6:FOC_setFluxAngle	32	static
../Core/Src/main.c:247:6:FOC_runCalibrationSequence	176	static
../Core/Src/main.c:340:6:FOC_updateTorque	16	static
../Core/Src/main.c:345:9:getUserButton	8	static
../Core/Src/main.c:349:6:logStat	744	static
../Core/Src/main.c:373:5:main	104	static
../Core/Src/main.c:553:6:SystemClock_Config	88	static
../Core/Src/main.c:600:13:MX_ADC1_Init	56	static
../Core/Src/main.c:686:13:MX_ADC2_Init	40	static
../Core/Src/main.c:754:13:MX_I2C1_Init	8	static
../Core/Src/main.c:802:13:MX_OPAMP1_Init	8	static
../Core/Src/main.c:836:13:MX_OPAMP2_Init	8	static
../Core/Src/main.c:870:13:MX_OPAMP3_Init	8	static
../Core/Src/main.c:904:13:MX_TIM1_Init	104	static
../Core/Src/main.c:984:13:MX_TIM6_Init	24	static
../Core/Src/main.c:1022:13:MX_USART2_UART_Init	8	static
../Core/Src/main.c:1068:13:MX_DMA_Init	16	static
../Core/Src/main.c:1090:13:MX_GPIO_Init	48	static
../Core/Src/main.c:1126:6:Error_Handler	4	static,ignoring_inline_asm
