../Core/Src/main.c:123:6:HAL_ADC_ConvCpltCallback	16	static
../Core/Src/main.c:143:6:HAL_TIM_IC_CaptureCallback	16	static
../Core/Src/main.c:150:6:HAL_TIM_PeriodElapsedCallback	16	static
../Core/Src/main.c:159:9:getUserButton	8	static
../Core/Src/main.c:163:6:handleHostCommand	256	static
../Core/Src/main.c:259:6:CAN_init	40	static
../Core/Src/main.c:309:5:main	8	static
../Core/Src/main.c:465:6:SystemClock_Config	88	static
../Core/Src/main.c:512:13:MX_ADC1_Init	56	static
../Core/Src/main.c:598:13:MX_ADC2_Init	40	static
../Core/Src/main.c:666:13:MX_FDCAN1_Init	8	static
../Core/Src/main.c:709:13:MX_I2C1_Init	8	static
../Core/Src/main.c:757:13:MX_OPAMP1_Init	8	static
../Core/Src/main.c:791:13:MX_OPAMP2_Init	8	static
../Core/Src/main.c:825:13:MX_OPAMP3_Init	8	static
../Core/Src/main.c:859:13:MX_TIM1_Init	104	static
../Core/Src/main.c:939:13:MX_TIM4_Init	56	static
../Core/Src/main.c:1003:13:MX_TIM6_Init	24	static
../Core/Src/main.c:1041:13:MX_TIM7_Init	24	static
../Core/Src/main.c:1079:13:MX_USART2_UART_Init	8	static
../Core/Src/main.c:1127:13:MX_DMA_Init	16	static
../Core/Src/main.c:1149:13:MX_GPIO_Init	48	static
../Core/Src/main.c:1188:6:Error_Handler	4	static,ignoring_inline_asm
