../Core/Src/main.c:87:7:normalizeAngle	16	static
../Core/Src/main.c:93:7:AS5600_getAngle	32	static
../Core/Src/main.c:100:6:HAL_ADC_ConvCpltCallback	16	static
../Core/Src/main.c:115:6:invClark	40	static
../Core/Src/main.c:120:6:SPWM	208	static
../Core/Src/main.c:157:5:main	72	static
../Core/Src/main.c:285:6:SystemClock_Config	88	static
../Core/Src/main.c:332:13:MX_ADC1_Init	56	static
../Core/Src/main.c:409:13:MX_ADC2_Init	40	static
../Core/Src/main.c:477:13:MX_I2C1_Init	8	static
../Core/Src/main.c:525:13:MX_OPAMP1_Init	8	static
../Core/Src/main.c:559:13:MX_OPAMP2_Init	8	static
../Core/Src/main.c:593:13:MX_OPAMP3_Init	8	static
../Core/Src/main.c:627:13:MX_TIM1_Init	104	static
../Core/Src/main.c:707:13:MX_USART2_UART_Init	8	static
../Core/Src/main.c:753:13:MX_DMA_Init	16	static
../Core/Src/main.c:775:13:MX_GPIO_Init	48	static
../Core/Src/main.c:811:6:Error_Handler	4	static,ignoring_inline_asm
