../Core/Src/main.c:145:6:HAL_ADC_ConvCpltCallback	16	static
../Core/Src/main.c:165:6:HAL_TIM_IC_CaptureCallback	16	static
../Core/Src/main.c:172:6:HAL_TIM_PeriodElapsedCallback	24	static
../Core/Src/main.c:183:9:getUserButton	8	static
../Core/Src/main.c:187:6:logStat	744	static
../Core/Src/main.c:205:6:CAN_init	40	static
../Core/Src/main.c:255:5:main	16	static
../Core/Src/main.c:381:6:SystemClock_Config	88	static
../Core/Src/main.c:428:13:MX_ADC1_Init	56	static
../Core/Src/main.c:514:13:MX_ADC2_Init	40	static
../Core/Src/main.c:582:13:MX_FDCAN1_Init	8	static
../Core/Src/main.c:625:13:MX_I2C1_Init	8	static
../Core/Src/main.c:673:13:MX_OPAMP1_Init	8	static
../Core/Src/main.c:707:13:MX_OPAMP2_Init	8	static
../Core/Src/main.c:741:13:MX_OPAMP3_Init	8	static
../Core/Src/main.c:775:13:MX_TIM1_Init	104	static
../Core/Src/main.c:855:13:MX_TIM4_Init	56	static
../Core/Src/main.c:919:13:MX_TIM6_Init	24	static
../Core/Src/main.c:957:13:MX_USART2_UART_Init	8	static
../Core/Src/main.c:1003:13:MX_DMA_Init	16	static
../Core/Src/main.c:1025:13:MX_GPIO_Init	48	static
../Core/Src/main.c:1064:6:Error_Handler	4	static,ignoring_inline_asm
